Allumettes restantes : 13
Xavier, combien d'allumettes ? Xavier prend 1 allumette.

Allumettes restantes : 12
Ordinateur prend 3 allumettes.

Allumettes restantes : 9
Xavier, combien d'allumettes ? Xavier prend 1 allumette.

Allumettes restantes : 8
Ordinateur prend 3 allumettes.

Allumettes restantes : 5
Xavier, combien d'allumettes ? Xavier prend 3 allumettes.

Allumettes restantes : 2
Ordinateur prend 2 allumettes.

Ordinateur perd !
Xavier gagne !
